

   Time      sum(rTop)  sum(rRoot) sum(vTop)  sum(vRoot) sum(vBot)    hTop       hRoot      hBot      A-level
    [T]        [L]        [L]        [L]        [L]        [L]        [L]         [L]       [L] 

    91.00000   .000E+00   .160E+00   .584E-06   .160E+00  -.368E-01  -.583E+02  -.423E+02   .172E+03       1
    92.00000  -.700E-01   .340E+00  -.700E-01   .340E+00  -.710E-01  -.601E+02  -.445E+02   .169E+03       2
    93.00000  -.900E-01   .470E+00  -.900E-01   .470E+00  -.103E+00  -.626E+02  -.467E+02   .167E+03       3
    94.00000  -.900E-01   .670E+00  -.903E-01   .670E+00  -.133E+00  -.661E+02  -.500E+02   .164E+03       4
    95.00000  -.900E-01   .950E+00  -.907E-01   .950E+00  -.161E+00  -.705E+02  -.542E+02   .161E+03       5
    96.00000  -.160E+00   .113E+01  -.161E+00   .113E+01  -.186E+00  -.712E+02  -.557E+02   .158E+03       6
    97.00000  -.450E+00   .121E+01  -.451E+00   .121E+01  -.211E+00  -.657E+02  -.522E+02   .160E+03       7
    98.00000  -.890E+00   .135E+01  -.891E+00   .135E+01  -.239E+00  -.610E+02  -.482E+02   .164E+03       8
    99.00000  -.109E+01   .146E+01  -.109E+01   .146E+01  -.268E+00  -.625E+02  -.479E+02   .165E+03       9
   100.00000  -.138E+01   .157E+01  -.138E+01   .157E+01  -.299E+00  -.596E+02  -.456E+02   .167E+03      10
end
