 ******* Program HYDRUS
 ******* Growing season simulation                                              
  
 Date:   1.10.    Time:  14:57: 9
 Units: L = cm   , T = days , M = -    


  TLevel   Time         dt     ItrW ItrC  ItCum  KodT  KodB Converg Peclet   Courant

     1  .90010E+02  .10000E-01    2    1      2    -4    -7     T     1.415      .000
     2  .90023E+02  .13026E-01    2    1      4    -4    -7     T     1.415      .001
     3  .90040E+02  .16844E-01    2    1      6    -4    -7     T     1.414      .001
     4  .90062E+02  .21821E-01    2    1      8    -4    -7     T     1.413      .001
     5  .90090E+02  .28434E-01    2    1     10    -4    -7     T     1.412      .001
     6  .90127E+02  .36395E-01    2    1     12    -4    -7     T     1.410      .001
     7  .90175E+02  .48527E-01    2    1     14    -4    -7     T     1.407      .002
     8  .90239E+02  .63458E-01    2    1     16    -4    -7     T     1.404      .002
     9  .90323E+02  .84610E-01    2    1     18    -4    -7     T     1.400      .002
    10  .90436E+02  .11281E+00    2    1     20    -4    -7     T     1.394      .003
    11  .90577E+02  .14102E+00    2    1     22    -4    -7     T     1.387      .004
end
 
 Real time [sec]      17.000000000000000
